
Running 40 tests using 1 worker

(node:42388) Warning: The 'NO_COLOR' env is ignored due to the 'FORCE_COLOR' env being set.
(Use `node --trace-warnings ...` to show where the warning was created)
  ok  1 tests\gameplay.spec.js:5:3 ÔÇ║ movement ÔÇ║ walking moves the player and collision keeps them grounded (5.5s)
  ok  2 tests\gameplay.spec.js:29:3 ÔÇ║ movement ÔÇ║ crouch lowers the eye and jump leaves the ground (5.9s)
  ok  3 tests\gameplay.spec.js:51:3 ÔÇ║ movement ÔÇ║ a standing player does not shake (5.4s)
  ok  4 tests\gameplay.spec.js:89:3 ÔÇ║ movement ÔÇ║ peeking moves the eye sideways but not through a wall (7.8s)
  x   5 tests\gameplay.spec.js:172:3 ÔÇ║ slide ÔÇ║ crouching out of a sprint carries speed and drops the head (18.4s)
(node:38160) Warning: The 'NO_COLOR' env is ignored due to the 'FORCE_COLOR' env being set.
(Use `node --trace-warnings ...` to show where the warning was created)
  ok  6 tests\gameplay.spec.js:265:3 ÔÇ║ slide ÔÇ║ a slide cannot be started from a standstill (5.4s)
  ok  7 tests\gameplay.spec.js:288:3 ÔÇ║ grenades ÔÇ║ B takes one out, B again puts it away, and nothing is spent (7.8s)
  ok  8 tests\gameplay.spec.js:321:3 ÔÇ║ grenades ÔÇ║ holding fire charges the throw and releasing sends it further (15.5s)
  ok  9 tests\gameplay.spec.js:370:3 ÔÇ║ grenades ÔÇ║ a grenade goes off on its fuse and hurts what is next to it (6.6s)
  ok 10 tests\gameplay.spec.js:404:3 ÔÇ║ grenades ÔÇ║ the AI runs from a grenade landing at its feet (7.3s)
  ok 11 tests\gameplay.spec.js:442:3 ÔÇ║ respawn ÔÇ║ redeploys scatter across the map and avoid enemy eyes (6.8s)
  ok 12 tests\gameplay.spec.js:501:3 ÔÇ║ respawn ÔÇ║ nobody starts the match indoors (7.6s)
  ok 13 tests\gameplay.spec.js:538:3 ÔÇ║ gunplay ÔÇ║ firing consumes ammo, spawns effects and reloads (14.9s)
  ok 14 tests\gameplay.spec.js:573:3 ÔÇ║ gunplay ÔÇ║ a reload does not re-arm itself on the next shot (8.7s)
  ok 15 tests\gameplay.spec.js:618:3 ÔÇ║ gunplay ÔÇ║ one tap of the fire selector advances exactly one mode (7.3s)
  x  16 tests\gameplay.spec.js:637:3 ÔÇ║ gunplay ÔÇ║ a traced shot damages the thing it is pointed at (6.5s)
(node:43576) Warning: The 'NO_COLOR' env is ignored due to the 'FORCE_COLOR' env being set.
(Use `node --trace-warnings ...` to show where the warning was created)
  ok 17 tests\gameplay.spec.js:679:3 ÔÇ║ gunplay ÔÇ║ killing an enemy scores a point and feeds the killfeed (10.4s)
  ok 18 tests\gameplay.spec.js:712:3 ÔÇ║ gunplay ÔÇ║ a dead body ragdolls instead of freezing mid-pose (4.8s)
  ok 19 tests\gameplay.spec.js:731:3 ÔÇ║ damage and respawn ÔÇ║ the player takes damage, dies and redeploys (8.5s)
  ok 20 tests\gameplay.spec.js:754:3 ÔÇ║ AI ÔÇ║ agents patrol, acquire the player and shoot back (13.2s)
  ok 21 tests\gameplay.spec.js:789:3 ÔÇ║ AI ÔÇ║ pathfinding returns a connected route across the map (4.5s)
  ok 22 tests\gameplay.spec.js:818:3 ÔÇ║ audio ÔÇ║ every sound is synthesised, with no files fetched (3.8s)
  ok 23 tests\gameplay.spec.js:841:3 ÔÇ║ offline integrity ÔÇ║ the build fetches nothing beyond its own three files (9.6s)
  ok 24 tests\performance.spec.js:22:1 ÔÇ║ sustains a stable frame under combat load (13.9s)
  ok 25 tests\performance.spec.js:46:1 ÔÇ║ quality presets scale the cost of a frame (19.8s)
  ok 26 tests\performance.spec.js:84:1 ÔÇ║ dynamic resolution recovers the frame budget when overloaded (8.6s)

performance profile
{
  "combat": {
    "frames": 254,
    "fps": 57.044,
    "frameMs": {
      "p50": 13.7,
      "p95": 41.8,
      "max": 100
    },
    "cpuMs": {
      "p50": 6.5,
      "p95": 21.2
    },
    "renderScale": 1
  },
  "ultra": {
    "frames": 121,
    "fps": 56.438,
    "frameMs": {
      "p50": 12.7,
      "p95": 45.4,
      "max": 100
    },
    "cpuMs": {
      "p50": 6.1,
      "p95": 26.9
    },
    "renderScale": 1,
    "pixels": 921600,
    "shadowRes": 3072,
    "cascades": 4,
    "aoSamples": 12,
    "cloudSteps": 44,
    "decalBudget": 384,
    "particleDensity": 1.35
  },
  "low": {
    "frames": 128,
    "fps": 43.223,
    "frameMs": {
      "p50": 20.3,
      "p95": 42.4,
      "max": 100
    },
    "cpuMs": {
      "p50": 7.5,
      "p95": 14.3
    },
    "renderScale": 0.72,
    "pixels": 477078,
    "shadowRes": 1024,
    "cascades": 3,
    "aoSamples": 4,
    "cloudSteps": 12,
    "decalBudget": 96,
    "particleDensity": 0.45
  },
  "dynamicResolution": {
    "scale": 0.9,
    "fps": 75.08447002878232
  },
  "resources": {
    "before": {
      "geometries": 17,
      "textures": 44,
      "programs": 28,
      "heap": 103000000
    },
    "after": {
      "geometries": 17,
      "textures": 44,
      "programs": 28,
      "heap": 103000000
    }
  }
}
  ok 27 tests\performance.spec.js:96:1 ÔÇ║ memory and GPU resources stay bounded during a long fight (23.6s)
  ok 28 tests\smoke.spec.js:5:3 ÔÇ║ boot and menu ÔÇ║ starts clean, shows the menu and builds the world (6.3s)
  ok 29 tests\smoke.spec.js:34:3 ÔÇ║ boot and menu ÔÇ║ renders a lit frame rather than a blank canvas (7.1s)
  ok 30 tests\smoke.spec.js:58:3 ÔÇ║ match lifecycle ÔÇ║ deploys the opposition and runs the clock (6.5s)
  ok 31 tests\smoke.spec.js:76:3 ÔÇ║ match lifecycle ÔÇ║ pause and resume gate the simulation (10.2s)
  ok 32 tests\smoke.spec.js:104:3 ÔÇ║ match lifecycle ÔÇ║ no state throws, and the frame keeps advancing (16.5s)
  ok 33 tests\visual.spec.js:70:1 ÔÇ║ the sunlit street exposes into a usable range (9.7s)
  ok 34 tests\visual.spec.js:85:1 ÔÇ║ the sky is blue and brighter than the ground (6.9s)
  ok 35 tests\visual.spec.js:96:1 ÔÇ║ the sun casts shadows that darken part of the frame (6.2s)
  ok 36 tests\visual.spec.js:131:1 ÔÇ║ TAA converges to a stable image when the camera is still (8.7s)
  ok 37 tests\visual.spec.js:155:1 ÔÇ║ the viewmodel is on screen and sits in the lower right (5.0s)
  ok 38 tests\visual.spec.js:186:1 ÔÇ║ aiming down sights centres the optic and narrows the view (8.1s)
  ok 39 tests\visual.spec.js:231:1 ÔÇ║ every world triangle faces the way it is lit (6.2s)
  ok 40 tests\visual.spec.js:267:1 ÔÇ║ screenshots for review (20.6s)


  1) tests\gameplay.spec.js:172:3 ÔÇ║ slide ÔÇ║ crouching out of a sprint carries speed and drops the head 

    Error: expect(received).toBe(expected) // Object.is equality

    Expected: true
    Received: false

      253 |
      254 |     // A slide is only worth the key if it buys pace over the sprint it costs.
    > 255 |     expect(run.sliding).toBe(true);
          |                         ^
      256 |     expect(run.sprintSpeed).toBeGreaterThan(6);
      257 |     expect(run.entrySpeed).toBeGreaterThan(run.priorSpeed * 1.15);
      258 |     // And it has to put the head down, or it is just running.
        at E:\randomtesting\cursor1\tests\gameplay.spec.js:255:25

    Error Context: test-results\artifacts\gameplay-slide-crouching-o-30bf1-es-speed-and-drops-the-head\error-context.md

  2) tests\gameplay.spec.js:637:3 ÔÇ║ gunplay ÔÇ║ a traced shot damages the thing it is pointed at ÔöÇÔöÇÔöÇÔöÇÔöÇ

    Error: expect(received).toBe(expected) // Object.is equality

    Expected: true
    Received: false

      674 |
      675 |     expect(after.shots).toBeGreaterThan(0);
    > 676 |     expect(after.damaged || after.score > before.score).toBe(true);
          |                                                         ^
      677 |   });
      678 |
      679 |   test('killing an enemy scores a point and feeds the killfeed', async ({ page }) => {
        at E:\randomtesting\cursor1\tests\gameplay.spec.js:676:57

    Error Context: test-results\artifacts\gameplay-gunplay-a-traced--16e6f--the-thing-it-is-pointed-at\error-context.md

  2 failed
    tests\gameplay.spec.js:172:3 ÔÇ║ slide ÔÇ║ crouching out of a sprint carries speed and drops the head 
    tests\gameplay.spec.js:637:3 ÔÇ║ gunplay ÔÇ║ a traced shot damages the thing it is pointed at ÔöÇÔöÇÔöÇÔöÇÔöÇÔöÇ
  38 passed (6.5m)
